// Jest Snapshot v1, https://goo.gl/fbAQLP

exports[`currency getCurrencies returns expected list of currencies 1`] = `
[
  {
    "code": "USD",
    "symbol": "$",
  },
  {
    "code": "EUR",
    "symbol": "€",
  },
  {
    "code": "JPY",
    "symbol": "¥",
  },
  {
    "code": "GBP",
    "symbol": "£",
  },
  {
    "code": "AUD",
    "symbol": "$",
  },
  {
    "code": "CAD",
    "symbol": "$",
  },
  {
    "code": "CNY",
    "symbol": "¥",
  },
  {
    "code": "NZD",
    "symbol": "$",
  },
]
`;
